
> solugen-react@1.0.0 build
> vite build

[36mvite v5.4.21 [32mbuilding for production...[36m[39m
transforming...
[32m✓[39m 2575 modules transformed.
[31mx[39m Build failed in 12.14s
[31merror during build:
[31m[vite:esbuild] Transform failed with 1 error:
D:/Developer/Genesis/solugen-react/src/pages/ReportesConfig/ReportesConfigEditor.tsx:2041:6: ERROR: Expected "}" but found "{"[31m
file: [36mD:/Developer/Genesis/solugen-react/src/pages/ReportesConfig/ReportesConfigEditor.tsx:2041:6[31m
[33m
[33mExpected "}" but found "{"[33m
2039|          </Col>
2040|  
2041|        {/* Modal: texto libre */}
   |        ^
2042|        <ModalTextoLibre
2043|          open={modalLibreAbierto}
[31m
    at failureErrorWithLog (D:\Developer\Genesis\solugen-react\node_modules\esbuild\lib\main.js:1472:15)
    at D:\Developer\Genesis\solugen-react\node_modules\esbuild\lib\main.js:755:50
    at responseCallbacks.<computed> (D:\Developer\Genesis\solugen-react\node_modules\esbuild\lib\main.js:622:9)
    at handleIncomingPacket (D:\Developer\Genesis\solugen-react\node_modules\esbuild\lib\main.js:677:12)
    at Socket.readFromStdout (D:\Developer\Genesis\solugen-react\node_modules\esbuild\lib\main.js:600:7)
    at Socket.emit (node:events:509:28)
    at addChunk (node:internal/streams/readable:563:12)
    at readableAddChunkPushByteMode (node:internal/streams/readable:514:3)
    at Readable.push (node:internal/streams/readable:394:5)
    at Pipe.onStreamRead (node:internal/stream_base_commons:189:23)[39m
